0x1 (POWERON_RESET),boot:0x17 (SPI_FAST_FLASH_BOOT)
configsip: 0, SPIWP:0xee
clk_drv:0x00,q_drv:0x00,d_drv:0x00,cs0_drv:0x00,hd_drv:0x00,wp_drv:0x00
mode:DIO, clock div:2
load:0x3fff0030,len:1184
load:0x40078000,len:13232
load:0x40080400,len:3028
entry 0x400805e4

=== 10_updatelist — AFFA2 first contact ===
pins rx=GPIO5 tx=GPIO4 @ 500000 bit/s
we transmit on 0x3DF, the panel answers on 0x3CF
waiting for the panel to speak. It leads; we answer.

[I] AFFA: begin: syncId=0x3DF reply=0x3CF funcs=2
[    2366] .. phase Silent           sync 0x01 reg 0 | rx 0 tx 0 txDrop 0 ovf 0 | drv 1 txErr 0 rxErr 0 busErr 0 qRx 0 qTx 0
[    2796] RX 3CF  69 00 A3 A3 A3 A3 A3 A3
[    2796] TX 3DF  7A 01 81 81 81 81 81 81
[I] AFFA: phase Silent -> Announced
[    2796] ** PHASE Silent -> Announced
[    2796] ** first frame heard from the bus
[    2866] .. phase Announced        sync 0x01 reg 0 | rx 1 tx 1 txDrop 0 ovf 0 | drv 1 txErr 0 rxErr 0 busErr 0 qRx 0 qTx 0
[    2899] RX 3CF  61 11 00 A3 A3 A3 A3 A3
[I] AFFA: phase Announced -> HelloPending
[    2900] TX 3DF  70 1A 11 00 00 00 00 01
[    2900] ** sync 0x00 
[I] AFFA: sync 0x01 -> 0x00
[    2910] ** PHASE Announced -> AwaitPeerChannel
[    2910] RX 1C1  70 A3 A3 A3 A3 A3 A3 A3
[I] AFFA: phase AwaitPeerChannel -> Registering
[    2921] TX 5C1  74 81 81 81 81 81 81 81
[    2921] RX 0A9  70 A3 A3 A3 A3 A3 A3 A3
[    2931] TX 4A9  74 81 81 81 81 81 81 81
[    2932] TX 121  70 81 81 81 81 81 81 81
[    2942] ** PHASE AwaitPeerChannel -> Registering
[    2942] RX 521  74 A3 A3 A3 A3 A3 A3 A3
[    2942] TX 1B1  70 81 81 81 81 81 81 81
[    2953] RX 5B1  74 A3 A3 A3 A3 A3 A3 A3
[    2953] ** sync 0x08 REGISTERED
[    2953] TX 1B1  04 52 02 FF FF 81 81 81
[I] AFFA: phase Settling -> Powering
[    2964] ** PHASE Registering -> Powering
[    2964] RX 5B1  74 A3 A3 A3 A3 A3 A3 A3
[I] AFFA: phase Powering -> Ready
[    2974] ** ticket 1 -> OK (0)
[    2974] ** PHASE Powering -> Ready
[    2974] ** setText("SUCCESS") accepted=yes ticket=2
[    2985] TX 121  10 19 76 7A 01 53 55 43
[    2986] RX 521  30 01 00 A3 A3 A3 A3 A3
[    2996] TX 121  21 43 45 53 53 00 10 53
[    3001] RX 521  30 01 00 A3 A3 A3 A3 A3
[    3001] TX 121  22 55 43 43 45 53 53 00
[    3002] RX 521  30 01 00 A3 A3 A3 A3 A3
[    3013] TX 121  23 00 00 00 00 00 81 81
[    3015] RX 521  74 A3 A3 A3 A3 A3 A3 A3
[    3016] ** ticket 2 -> OK (0)
[    3299] RX 3CF  69 00 A3 A3 A3 A3 A3 A3
[    3308] RX 1C1  02 64 0F A3 A3 A3 A3 A3
[    3308] TX 5C1  74 81 81 81 81 81 81 81
[    3366] .. phase Ready            sync 0x0A reg 1 | rx 13 tx 12 txDrop 0 ovf 0 | drv 1 txErr 0 rxErr 0 busErr 0 qRx 0 qTx 0
[    3803] RX 3CF  69 00 A3 A3 A3 A3 A3 A3
[    3866] .. phase Ready            sync 0x0A reg 1 | rx 14 tx 12 txDrop 0 ovf 0 | drv 1 txErr 0 rxErr 0 busErr 0 qRx 0 qTx 0
[    3899] TX 3DF  79 00 81 81 81 81 81 81
[    4307] RX 3CF  69 00 A3 A3 A3 A3 A3 A3
[    4366] .. phase Ready            sync 0x0A reg 1 | rx 15 tx 13 txDrop 0 ovf 0 | drv 1 txErr 0 rxErr 0 busErr 0 qRx 0 qTx 0
[    4811] RX 3CF  69 00 A3 A3 A3 A3 A3 A3
[    4866] .. phase Ready            sync 0x0A reg 1 | rx 16 tx 13 txDrop 0 ovf 0 | drv 1 txErr 0 rxErr 0 busErr 0 qRx 0 qTx 0
[    4899] TX 3DF  79 00 81 81 81 81 81 81
[    5315] RX 3CF  69 00 A3 A3 A3 A3 A3 A3
[    5366] .. phase Ready            sync 0x0A reg 1 | rx 17 tx 14 txDrop 0 ovf 0 | drv 1 txErr 0 rxErr 0 busErr 0 qRx 0 qTx 0
[    5819] RX 3CF  69 00 A3 A3 A3 A3 A3 A3
[    5866] .. phase Ready            sync 0x0A reg 1 | rx 18 tx 14 txDrop 0 ovf 0 | drv 1 txErr 0 rxErr 0 busErr 0 qRx 0 qTx 0
[    5899] TX 3DF  79 00 81 81 81 81 81 81
[    6323] RX 3CF  69 00 A3 A3 A3 A3 A3 A3
[    6366] .. phase Ready            sync 0x0A reg 1 | rx 19 tx 15 txDrop 0 ovf 0 | drv 1 txErr 0 rxErr 0 busErr 0 qRx 0 qTx 0
[    6835] RX 3CF  69 00 A3 A3 A3 A3 A3 A3
[    6866] .. phase Ready            sync 0x0A reg 1 | rx 20 tx 15 txDrop 0 ovf 0 | drv 1 txErr 0 rxErr 0 busErr 0 qRx 0 qTx 0
[    6899] TX 3DF  79 00 81 81 81 81 81 81
[    7339] RX 3CF  69 00 A3 A3 A3 A3 A3 A3
[    7366] .. phase Ready            sync 0x0A reg 1 | rx 21 tx 16 txDrop 0 ovf 0 | drv 1 txErr 0 rxErr 0 busErr 0 qRx 0 qTx 0
[    7843] RX 3CF  69 00 A3 A3 A3 A3 A3 A3
[    7866] .. phase Ready            sync 0x0A reg 1 | rx 22 tx 16 txDrop 0 ovf 0 | drv 1 txErr 0 rxErr 0 busErr 0 qRx 0 qTx 0
[    7899] TX 3DF  79 00 81 81 81 81 81 81
[    8347] RX 3CF  69 00 A3 A3 A3 A3 A3 A3
[    8366] .. phase Ready            sync 0x0A reg 1 | rx 23 tx 17 txDrop 0 ovf 0 | drv 1 txErr 0 rxErr 0 busErr 0 qRx 0 qTx 0
[    8851] RX 3CF  69 00 A3 A3 A3 A3 A3 A3
[    8866] .. phase Ready            sync 0x0A reg 1 | rx 24 tx 17 txDrop 0 ovf 0 | drv 1 txErr 0 rxErr 0 busErr 0 qRx 0 qTx 0
[    8899] TX 3DF  79 00 81 81 81 81 81 81
[    9355] RX 3CF  69 00 A3 A3 A3 A3 A3 A3
[    9366] .. phase Ready            sync 0x0A reg 1 | rx 25 tx 18 txDrop 0 ovf 0 | drv 1 txErr 0 rxErr 0 busErr 0 qRx 0 qTx 0
[    9858] RX 3CF  69 00 A3 A3 A3 A3 A3 A3
[    9866] .. phase Ready            sync 0x0A reg 1 | rx 26 tx 18 txDrop 0 ovf 0 | drv 1 txErr 0 rxErr 0 busErr 0 qRx 0 qTx 0
[    9899] TX 3DF  79 00 81 81 81 81 81 81
[   10366] .. phase Ready            sync 0x08 reg 1 | rx 26 tx 19 txDrop 0 ovf 0 | drv 1 txErr 0 rxErr 0 busErr 0 qRx 0 qTx 0
[   10370] RX 3CF  69 00 A3 A3 A3 A3 A3 A3
[   10866] .. phase Ready            sync 0x0A reg 1 | rx 27 tx 19 txDrop 0 ovf 0 | drv 1 txErr 0 rxErr 0 busErr 0 qRx 0 qTx 0
[   10874] RX 3CF  69 00 A3 A3 A3 A3 A3 A3
[   10899] TX 3DF  79 00 81 81 81 81 81 81
[   11366] .. phase Ready            sync 0x08 reg 1 | rx 28 tx 20 txDrop 0 ovf 0 | drv 1 txErr 0 rxErr 0 busErr 0 qRx 0 qTx 0
[   11378] RX 3CF  69 00 A3 A3 A3 A3 A3 A3
[   11866] .. phase Ready            sync 0x0A reg 1 | rx 29 tx 20 txDrop 0 ovf 0 | drv 1 txErr 0 rxErr 0 busErr 0 qRx 0 qTx 0
[   11882] RX 3CF  69 00 A3 A3 A3 A3 A3 A3
[   11899] TX 3DF  79 00 81 81 81 81 81 81
[   12366] .. phase Ready            sync 0x08 reg 1 | rx 30 tx 21 txDrop 0 ovf 0 | drv 1 txErr 0 rxErr 0 busErr 0 qRx 0 qTx 0
[   12386] RX 3CF  69 00 A3 A3 A3 A3 A3 A3
[   12866] .. phase Ready            sync 0x0A reg 1 | rx 31 tx 21 txDrop 0 ovf 0 | drv 1 txErr 0 rxErr 0 busErr 0 qRx 0 qTx 0
[   12890] RX 3CF  69 00 A3 A3 A3 A3 A3 A3
[   12899] TX 3DF  79 00 81 81 81 81 81 81
[   13366] .. phase Ready            sync 0x08 reg 1 | rx 32 tx 22 txDrop 0 ovf 0 | drv 1 txErr 0 rxErr 0 busErr 0 qRx 0 qTx 0
[   13394] RX 3CF  69 00 A3 A3 A3 A3 A3 A3
[   13866] .. phase Ready            sync 0x0A reg 1 | rx 33 tx 22 txDrop 0 ovf 0 | drv 1 txErr 0 rxErr 0 busErr 0 qRx 0 qTx 0
[   13898] RX 3CF  69 00 A3 A3 A3 A3 A3 A3
[   13899] TX 3DF  79 00 81 81 81 81 81 81
[   14366] .. phase Ready            sync 0x08 reg 1 | rx 34 tx 23 txDrop 0 ovf 0 | drv 1 txErr 0 rxErr 0 busErr 0 qRx 0 qTx 0
[   14402] RX 3CF  69 00 A3 A3 A3 A3 A3 A3
[   14866] .. phase Ready            sync 0x0A reg 1 | rx 35 tx 23 txDrop 0 ovf 0 | drv 1 txErr 0 rxErr 0 busErr 0 qRx 0 qTx 0
[   14899] TX 3DF  79 00 81 81 81 81 81 81
[   14906] RX 3CF  69 00 A3 A3 A3 A3 A3 A3

=== 15-second verdict ===
READY. Registered, powered, and the text was submitted.
  If the glass is still blank the SEQUENCE is right and the BYTES
  are wrong — compare the TX lines with docs/WIRE-SPEC.md §9.1.
=========================

[   15366] .. phase Ready            sync 0x0A reg 1 | rx 36 tx 24 txDrop 0 ovf 0 | drv 1 txErr 0 rxErr 0 busErr 0 qRx 0 qTx 0
[   15410] RX 3CF  69 00 A3 A3 A3 A3 A3 A3
[   15866] .. phase Ready            sync 0x0A reg 1 | rx 37 tx 24 txDrop 0 ovf 0 | drv 1 txErr 0 rxErr 0 busErr 0 qRx 0 qTx 0
[   15899] TX 3DF  79 00 81 81 81 81 81 81
[   15914] RX 3CF  69 00 A3 A3 A3 A3 A3 A3
[   16366] .. phase Ready            sync 0x0A reg 1 | rx 38 tx 25 txDrop 0 ovf 0 | drv 1 txErr 0 rxErr 0 busErr 0 qRx 0 qTx 0
[   16417] RX 3CF  69 00 A3 A3 A3 A3 A3 A3
[   16866] .. phase Ready            sync 0x0A reg 1 | rx 39 tx 25 txDrop 0 ovf 0 | drv 1 txErr 0 rxErr 0 busErr 0 qRx 0 qTx 0
[   16899] TX 3DF  79 00 81 81 81 81 81 81
[   16921] RX 3CF  69 00 A3 A3 A3 A3 A3 A3
[   17366] .. phase Ready            sync 0x0A reg 1 | rx 40 tx 26 txDrop 0 ovf 0 | drv 1 txErr 0 rxErr 0 busErr 0 qRx 0 qTx 0
[   17425] RX 3CF  69 00 A3 A3 A3 A3 A3 A3
[   17866] .. phase Ready            sync 0x0A reg 1 | rx 41 tx 26 txDrop 0 ovf 0 | drv 1 txErr 0 rxErr 0 busErr 0 qRx 0 qTx 0
[   17899] TX 3DF  79 00 81 81 81 81 81 81
[   17929] RX 3CF  69 00 A3 A3 A3 A3 A3 A3
[   18366] .. phase Ready            sync 0x0A reg 1 | rx 42 tx 27 txDrop 0 ovf 0 | drv 1 txErr 0 rxErr 0 busErr 0 qRx 0 qTx 0
[   18433] RX 3CF  69 00 A3 A3 A3 A3 A3 A3
[   18866] .. phase Ready            sync 0x0A reg 1 | rx 43 tx 27 txDrop 0 ovf 0 | drv 1 txErr 0 rxErr 0 busErr 0 qRx 0 qTx 0
[   18899] TX 3DF  79 00 81 81 81 81 81 81
[   18945] RX 3CF  69 00 A3 A3 A3 A3 A3 A3
[   19366] .. phase Ready            sync 0x0A reg 1 | rx 44 tx 28 txDrop 0 ovf 0 | drv 1 txErr 0 rxErr 0 busErr 0 qRx 0 qTx 0
[   19449] RX 3CF  69 00 A3 A3 A3 A3 A3 A3
[   19866] .. phase Ready            sync 0x0A reg 1 | rx 45 tx 28 txDrop 0 ovf 0 | drv 1 txErr 0 rxErr 0 busErr 0 qRx 0 qTx 0
[   19899] TX 3DF  79 00 81 81 81 81 81 81
[   19953] RX 3CF  69 00 A3 A3 A3 A3 A3 A3
[   20366] .. phase Ready            sync 0x0A reg 1 | rx 46 tx 29 txDrop 0 ovf 0 | drv 1 txErr 0 rxErr 0 busErr 0 qRx 0 qTx 0
[   20466] RX 3CF  69 00 A3 A3 A3 A3 A3 A3
[   20866] .. phase Ready            sync 0x0A reg 1 | rx 47 tx 29 txDrop 0 ovf 0 | drv 1 txErr 0 rxErr 0 busErr 0 qRx 0 qTx 0
[   20899] TX 3DF  79 00 81 81 81 81 81 81
[   20969] RX 3CF  69 00 A3 A3 A3 A3 A3 A3
[   21366] .. phase Ready            sync 0x0A reg 1 | rx 48 tx 30 txDrop 0 ovf 0 | drv 1 txErr 0 rxErr 0 busErr 0 qRx 0 qTx 0
[   21474] RX 3CF  69 00 A3 A3 A3 A3 A3 A3
[   21866] .. phase Ready            sync 0x0A reg 1 | rx 49 tx 30 txDrop 0 ovf 0 | drv 1 txErr 0 rxErr 0 busErr 0 qRx 0 qTx 0
[   21899] TX 3DF  79 00 81 81 81 81 81 81
[   21977] RX 3CF  69 00 A3 A3 A3 A3 A3 A3
[   22366] .. phase Ready            sync 0x0A reg 1 | rx 50 tx 31 txDrop 0 ovf 0 | drv 1 txErr 0 rxErr 0 busErr 0 qRx 0 qTx 0
[   22481] RX 3CF  69 00 A3 A3 A3 A3 A3 A3
[   22866] .. phase Ready            sync 0x0A reg 1 | rx 51 tx 31 txDrop 0 ovf 0 | drv 1 txErr 0 rxErr 0 busErr 0 qRx 0 qTx 0
[   22899] TX 3DF  79 00 81 81 81 81 81 81
[   22986] RX 3CF  69 00 A3 A3 A3 A3 A3 A3
[   23366] .. phase Ready            sync 0x0A reg 1 | rx 52 tx 32 txDrop 0 ovf 0 | drv 1 txErr 0 rxErr 0 busErr 0 qRx 0 qTx 0
[   23490] RX 3CF  69 00 A3 A3 A3 A3 A3 A3
[   23866] .. phase Ready            sync 0x0A reg 1 | rx 53 tx 32 txDrop 0 ovf 0 | drv 1 txErr 0 rxErr 0 busErr 0 qRx 0 qTx 0
[   23899] TX 3DF  79 00 81 81 81 81 81 81
[   24000] RX 3CF  69 00 A3 A3 A3 A3 A3 A3
[   24366] .. phase Ready            sync 0x0A reg 1 | rx 54 tx 33 txDrop 0 ovf 0 | drv 1 txErr 0 rxErr 0 busErr 0 qRx 0 qTx 0
[   24509] RX 3CF  69 00 A3 A3 A3 A3 A3 A3
[   24866] .. phase Ready            sync 0x0A reg 1 | rx 55 tx 33 txDrop 0 ovf 0 | drv 1 txErr 0 rxErr 0 busErr 0 qRx 0 qTx 0
[   24899] TX 3DF  79 00 81 81 81 81 81 81
[   25014] RX 3CF  69 00 A3 A3 A3 A3 A3 A3
[   25366] .. phase Ready            sync 0x0A reg 1 | rx 56 tx 34 txDrop 0 ovf 0 | drv 1 txErr 0 rxErr 0 busErr 0 qRx 0 qTx 0
[   25512] RX 3CF  69 00 A3 A3 A3 A3 A3 A3
[   25866] .. phase Ready            sync 0x0A reg 1 | rx 57 tx 34 txDrop 0 ovf 0 | drv 1 txErr 0 rxErr 0 busErr 0 qRx 0 qTx 0
[   25899] TX 3DF  79 00 81 81 81 81 81 81
[   26016] RX 3CF  69 00 A3 A3 A3 A3 A3 A3
[   26366] .. phase Ready            sync 0x0A reg 1 | rx 58 tx 35 txDrop 0 ovf 0 | drv 1 txErr 0 rxErr 0 busErr 0 qRx 0 qTx 0
[   26520] RX 3CF  69 00 A3 A3 A3 A3 A3 A3
[   26866] .. phase Ready            sync 0x0A reg 1 | rx 59 tx 35 txDrop 0 ovf 0 | drv 1 txErr 0 rxErr 0 busErr 0 qRx 0 qTx 0
[   26899] TX 3DF  79 00 81 81 81 81 81 81
[   27024] RX 3CF  69 00 A3 A3 A3 A3 A3 A3
[   27366] .. phase Ready            sync 0x0A reg 1 | rx 60 tx 36 txDrop 0 ovf 0 | drv 1 txErr 0 rxErr 0 busErr 0 qRx 0 qTx 0
[   27528] RX 3CF  69 00 A3 A3 A3 A3 A3 A3
[   27866] .. phase Ready            sync 0x0A reg 1 | rx 61 tx 36 txDrop 0 ovf 0 | drv 1 txErr 0 rxErr 0 busErr 0 qRx 0 qTx 0
[   27899] TX 3DF  79 00 81 81 81 81 81 81
[   28032] RX 3CF  69 00 A3 A3 A3 A3 A3 A3
[   28366] .. phase Ready            sync 0x0A reg 1 | rx 62 tx 37 txDrop 0 ovf 0 | drv 1 txErr 0 rxErr 0 busErr 0 qRx 0 qTx 0
[   28536] RX 3CF  69 00 A3 A3 A3 A3 A3 A3
[   28866] .. phase Ready            sync 0x0A reg 1 | rx 63 tx 37 txDrop 0 ovf 0 | drv 1 txErr 0 rxErr 0 busErr 0 qRx 0 qTx 0
[   28899] TX 3DF  79 00 81 81 81 81 81 81
[   29040] RX 3CF  69 00 A3 A3 A3 A3 A3 A3
[   29366] .. phase Ready            sync 0x0A reg 1 | rx 64 tx 38 txDrop 0 ovf 0 | drv 1 txErr 0 rxErr 0 busErr 0 qRx 0 qTx 0
[   29544] RX 3CF  69 00 A3 A3 A3 A3 A3 A3
[   29866] .. phase Ready            sync 0x0A reg 1 | rx 65 tx 38 txDrop 0 ovf 0 | drv 1 txErr 0 rxErr 0 busErr 0 qRx 0 qTx 0
[   29899] TX 3DF  79 00 81 81 81 81 81 81
[   30048] RX 3CF  69 00 A3 A3 A3 A3 A3 A3
[   30366] .. phase Ready            sync 0x0A reg 1 | rx 66 tx 39 txDrop 0 ovf 0 | drv 1 txErr 0 rxErr 0 busErr 0 qRx 0 qTx 0
[   30560] RX 3CF  69 00 A3 A3 A3 A3 A3 A3
[   30866] .. phase Ready            sync 0x0A reg 1 | rx 67 tx 39 txDrop 0 ovf 0 | drv 1 txErr 0 rxErr 0 busErr 0 qRx 0 qTx 0
[   30899] TX 3DF  79 00 81 81 81 81 81 81
[   31064] RX 3CF  69 00 A3 A3 A3 A3 A3 A3
[   31366] .. phase Ready            sync 0x0A reg 1 | rx 68 tx 40 txDrop 0 ovf 0 | drv 1 txErr 0 rxErr 0 busErr 0 qRx 0 qTx 0
[   31568] RX 3CF  69 00 A3 A3 A3 A3 A3 A3
[   31866] .. phase Ready            sync 0x0A reg 1 | rx 69 tx 40 txDrop 0 ovf 0 | drv 1 txErr 0 rxErr 0 busErr 0 qRx 0 qTx 0
[   31899] TX 3DF  79 00 81 81 81 81 81 81
[   32071] RX 3CF  69 00 A3 A3 A3 A3 A3 A3
[   32366] .. phase Ready            sync 0x0A reg 1 | rx 70 tx 41 txDrop 0 ovf 0 | drv 1 txErr 0 rxErr 0 busErr 0 qRx 0 qTx 0
[   32583] RX 3CF  69 00 A3 A3 A3 A3 A3 A3
[   32866] .. phase Ready            sync 0x0A reg 1 | rx 71 tx 41 txDrop 0 ovf 0 | drv 1 txErr 0 rxErr 0 busErr 0 qRx 0 qTx 0
[   32899] TX 3DF  79 00 81 81 81 81 81 81
[   33087] RX 3CF  69 00 A3 A3 A3 A3 A3 A3
[   33366] .. phase Ready            sync 0x0A reg 1 | rx 72 tx 42 txDrop 0 ovf 0 | drv 1 txErr 0 rxErr 0 busErr 0 qRx 0 qTx 0
[   33591] RX 3CF  69 00 A3 A3 A3 A3 A3 A3
[   33866] .. phase Ready            sync 0x0A reg 1 | rx 73 tx 42 txDrop 0 ovf 0 | drv 1 txErr 0 rxErr 0 busErr 0 qRx 0 qTx 0
[   33899] TX 3DF  79 00 81 81 81 81 81 81
[   34095] RX 3CF  69 00 A3 A3 A3 A3 A3 A3
[   34366] .. phase Ready            sync 0x0A reg 1 | rx 74 tx 43 txDrop 0 ovf 0 | drv 1 txErr 0 rxErr 0 busErr 0 qRx 0 qTx 0
[   34599] RX 3CF  69 00 A3 A3 A3 A3 A3 A3
[   34866] .. phase Ready            sync 0x0A reg 1 | rx 75 tx 43 txDrop 0 ovf 0 | drv 1 txErr 0 rxErr 0 busErr 0 qRx 0 qTx 0
[   34899] TX 3DF  79 00 81 81 81 81 81 81
[   35111] RX 3CF  69 00 A3 A3 A3 A3 A3 A3
[   35366] .. phase Ready            sync 0x0A reg 1 | rx 76 tx 44 txDrop 0 ovf 0 | drv 1 txErr 0 rxErr 0 busErr 0 qRx 0 qTx 0
[   35615] RX 3CF  69 00 A3 A3 A3 A3 A3 A3
[   35866] .. phase Ready            sync 0x0A reg 1 | rx 77 tx 44 txDrop 0 ovf 0 | drv 1 txErr 0 rxErr 0 busErr 0 qRx 0 qTx 0
[   35899] TX 3DF  79 00 81 81 81 81 81 81
[   36119] RX 3CF  69 00 A3 A3 A3 A3 A3 A3
[   36366] .. phase Ready            sync 0x0A reg 1 | rx 78 tx 45 txDrop 0 ovf 0 | drv 1 txErr 0 rxErr 0 busErr 0 qRx 0 qTx 0
[   36623] RX 3CF  69 00 A3 A3 A3 A3 A3 A3
[   36866] .. phase Ready            sync 0x0A reg 1 | rx 79 tx 45 txDrop 0 ovf 0 | drv 1 txErr 0 rxErr 0 busErr 0 qRx 0 qTx 0
[   36899] TX 3DF  79 00 81 81 81 81 81 81
[   37127] RX 3CF  69 00 A3 A3 A3 A3 A3 A3
[   37366] .. phase Ready            sync 0x0A reg 1 | rx 80 tx 46 txDrop 0 ovf 0 | drv 1 txErr 0 rxErr 0 busErr 0 qRx 0 qTx 0
[   37631] RX 3CF  69 00 A3 A3 A3 A3 A3 A3
[   37866] .. phase Ready            sync 0x0A reg 1 | rx 81 tx 46 txDrop 0 ovf 0 | drv 1 txErr 0 rxErr 0 busErr 0 qRx 0 qTx 0
[   37899] TX 3DF  79 00 81 81 81 81 81 81
[   38135] RX 3CF  69 00 A3 A3 A3 A3 A3 A3
[   38366] .. phase Ready            sync 0x0A reg 1 | rx 82 tx 47 txDrop 0 ovf 0 | drv 1 txErr 0 rxErr 0 busErr 0 qRx 0 qTx 0
[   38639] RX 3CF  69 00 A3 A3 A3 A3 A3 A3
[   38866] .. phase Ready            sync 0x0A reg 1 | rx 83 tx 47 txDrop 0 ovf 0 | drv 1 txErr 0 rxErr 0 busErr 0 qRx 0 qTx 0
[   38899] TX 3DF  79 00 81 81 81 81 81 81
[   39150] RX 3CF  69 00 A3 A3 A3 A3 A3 A3
[   39366] .. phase Ready            sync 0x0A reg 1 | rx 84 tx 48 txDrop 0 ovf 0 | drv 1 txErr 0 rxErr 0 busErr 0 qRx 0 qTx 0
[   39654] RX 3CF  69 00 A3 A3 A3 A3 A3 A3
[   39866] .. phase Ready            sync 0x0A reg 1 | rx 85 tx 48 txDrop 0 ovf 0 | drv 1 txErr 0 rxErr 0 busErr 0 qRx 0 qTx 0
[   39899] TX 3DF  79 00 81 81 81 81 81 81
[   40166] RX 3CF  69 00 A3 A3 A3 A3 A3 A3
[   40366] .. phase Ready            sync 0x0A reg 1 | rx 86 tx 49 txDrop 0 ovf 0 | drv 1 txErr 0 rxErr 0 busErr 0 qRx 0 qTx 0
[   40670] RX 3CF  69 00 A3 A3 A3 A3 A3 A3
[   40866] .. phase Ready            sync 0x0A reg 1 | rx 87 tx 49 txDrop 0 ovf 0 | drv 1 txErr 0 rxErr 0 busErr 0 qRx 0 qTx 0
[   40899] TX 3DF  79 00 81 81 81 81 81 81
[   41174] RX 3CF  69 00 A3 A3 A3 A3 A3 A3
[   41366] .. phase Ready            sync 0x0A reg 1 | rx 88 tx 50 txDrop 0 ovf 0 | drv 1 txErr 0 rxErr 0 busErr 0 qRx 0 qTx 0
[   41678] RX 3CF  69 00 A3 A3 A3 A3 A3 A3
[   41866] .. phase Ready            sync 0x0A reg 1 | rx 89 tx 50 txDrop 0 ovf 0 | drv 1 txErr 0 rxErr 0 busErr 0 qRx 0 qTx 0
[   41899] TX 3DF  79 00 81 81 81 81 81 81
[   42182] RX 3CF  69 00 A3 A3 A3 A3 A3 A3
[   42366] .. phase Ready            sync 0x0A reg 1 | rx 90 tx 51 txDrop 0 ovf 0 | drv 1 txErr 0 rxErr 0 busErr 0 qRx 0 qTx 0
[   42686] RX 3CF  69 00 A3 A3 A3 A3 A3 A3
[   42866] .. phase Ready            sync 0x0A reg 1 | rx 91 tx 51 txDrop 0 ovf 0 | drv 1 txErr 0 rxErr 0 busErr 0 qRx 0 qTx 0
[   42899] TX 3DF  79 00 81 81 81 81 81 81
[   43198] RX 3CF  69 00 A3 A3 A3 A3 A3 A3
[   43366] .. phase Ready            sync 0x0A reg 1 | rx 92 tx 52 txDrop 0 ovf 0 | drv 1 txErr 0 rxErr 0 busErr 0 qRx 0 qTx 0
[   43702] RX 3CF  69 00 A3 A3 A3 A3 A3 A3
[   43866] .. phase Ready            sync 0x0A reg 1 | rx 93 tx 52 txDrop 0 ovf 0 | drv 1 txErr 0 rxErr 0 busErr 0 qRx 0 qTx 0
[   43899] TX 3DF  79 00 81 81 81 81 81 81
[   44206] RX 3CF  69 00 A3 A3 A3 A3 A3 A3
[   44366] .. phase Ready            sync 0x0A reg 1 | rx 94 tx 53 txDrop 0 ovf 0 | drv 1 txErr 0 rxErr 0 busErr 0 qRx 0 qTx 0
[   44710] RX 3CF  69 00 A3 A3 A3 A3 A3 A3
[   44866] .. phase Ready            sync 0x0A reg 1 | rx 95 tx 53 txDrop 0 ovf 0 | drv 1 txErr 0 rxErr 0 busErr 0 qRx 0 qTx 0
[   44899] TX 3DF  79 00 81 81 81 81 81 81
[   45214] RX 3CF  69 00 A3 A3 A3 A3 A3 A3
[   45366] .. phase Ready            sync 0x0A reg 1 | rx 96 tx 54 txDrop 0 ovf 0 | drv 1 txErr 0 rxErr 0 busErr 0 qRx 0 qTx 0
[   45717] RX 3CF  69 00 A3 A3 A3 A3 A3 A3
[   45866] .. phase Ready            sync 0x0A reg 1 | rx 97 tx 54 txDrop 0 ovf 0 | drv 1 txErr 0 rxErr 0 busErr 0 qRx 0 qTx 0
[   45899] TX 3DF  79 00 81 81 81 81 81 81
[   46221] RX 3CF  69 00 A3 A3 A3 A3 A3 A3
[   46366] .. phase Ready            sync 0x0A reg 1 | rx 98 tx 55 txDrop 0 ovf 0 | drv 1 txErr 0 rxErr 0 busErr 0 qRx 0 qTx 0
[   46725] RX 3CF  69 00 A3 A3 A3 A3 A3 A3
[   46866] .. phase Ready            sync 0x0A reg 1 | rx 99 tx 55 txDrop 0 ovf 0 | drv 1 txErr 0 rxErr 0 busErr 0 qRx 0 qTx 0
[   46899] TX 3DF  79 00 81 81 81 81 81 81
[   47229] RX 3CF  69 00 A3 A3 A3 A3 A3 A3
[   47366] .. phase Ready            sync 0x0A reg 1 | rx 100 tx 56 txDrop 0 ovf 0 | drv 1 txErr 0 rxErr 0 busErr 0 qRx 0 qTx 0
[   47741] RX 3CF  69 00 A3 A3 A3 A3 A3 A3
[   47866] .. phase Ready            sync 0x0A reg 1 | rx 101 tx 56 txDrop 0 ovf 0 | drv 1 txErr 0 rxErr 0 busErr 0 qRx 0 qTx 0
[   47899] TX 3DF  79 00 81 81 81 81 81 81
[   48245] RX 3CF  69 00 A3 A3 A3 A3 A3 A3
[   48366] .. phase Ready            sync 0x0A reg 1 | rx 102 tx 57 txDrop 0 ovf 0 | drv 1 txErr 0 rxErr 0 busErr 0 qRx 0 qTx 0
[   48749] RX 3CF  69 00 A3 A3 A3 A3 A3 A3
[   48866] .. phase Ready            sync 0x0A reg 1 | rx 103 tx 57 txDrop 0 ovf 0 | drv 1 txErr 0 rxErr 0 busErr 0 qRx 0 qTx 0
[   48899] TX 3DF  79 00 81 81 81 81 81 81
[   49253] RX 3CF  69 00 A3 A3 A3 A3 A3 A3
[   49366] .. phase Ready            sync 0x0A reg 1 | rx 104 tx 58 txDrop 0 ovf 0 | drv 1 txErr 0 rxErr 0 busErr 0 qRx 0 qTx 0
[   49757] RX 3CF  69 00 A3 A3 A3 A3 A3 A3
[   49866] .. phase Ready            sync 0x0A reg 1 | rx 105 tx 58 txDrop 0 ovf 0 | drv 1 txErr 0 rxErr 0 busErr 0 qRx 0 qTx 0
[   49899] TX 3DF  79 00 81 81 81 81 81 81
[   50261] RX 3CF  69 00 A3 A3 A3 A3 A3 A3
[   50366] .. phase Ready            sync 0x0A reg 1 | rx 106 tx 59 txDrop 0 ovf 0 | drv 1 txErr 0 rxErr 0 busErr 0 qRx 0 qTx 0
[   50765] RX 3CF  69 00 A3 A3 A3 A3 A3 A3
[   50866] .. phase Ready            sync 0x0A reg 1 | rx 107 tx 59 txDrop 0 ovf 0 | drv 1 txErr 0 rxErr 0 busErr 0 qRx 0 qTx 0
[   50899] TX 3DF  79 00 81 81 81 81 81 81
[   51269] RX 3CF  69 00 A3 A3 A3 A3 A3 A3
[   51366] .. phase Ready            sync 0x0A reg 1 | rx 108 tx 60 txDrop 0 ovf 0 | drv 1 txErr 0 rxErr 0 busErr 0 qRx 0 qTx 0
[   51773] RX 3CF  69 00 A3 A3 A3 A3 A3 A3
[   51866] .. phase Ready            sync 0x0A reg 1 | rx 109 tx 60 txDrop 0 ovf 0 | drv 1 txErr 0 rxErr 0 busErr 0 qRx 0 qTx 0
[   51899] TX 3DF  79 00 81 81 81 81 81 81
[   52277] RX 3CF  69 00 A3 A3 A3 A3 A3 A3
[   52366] .. phase Ready            sync 0x0A reg 1 | rx 110 tx 61 txDrop 0 ovf 0 | drv 1 txErr 0 rxErr 0 busErr 0 qRx 0 qTx 0
[   52789] RX 3CF  69 00 A3 A3 A3 A3 A3 A3
[   52866] .. phase Ready            sync 0x0A reg 1 | rx 111 tx 61 txDrop 0 ovf 0 | drv 1 txErr 0 rxErr 0 busErr 0 qRx 0 qTx 0
[   52899] TX 3DF  79 00 81 81 81 81 81 81
[   53293] RX 3CF  69 00 A3 A3 A3 A3 A3 A3
[   53366] .. phase Ready            sync 0x0A reg 1 | rx 112 tx 62 txDrop 0 ovf 0 | drv 1 txErr 0 rxErr 0 busErr 0 qRx 0 qTx 0
[   53804] RX 3CF  69 00 A3 A3 A3 A3 A3 A3
[   53866] .. phase Ready            sync 0x0A reg 1 | rx 113 tx 62 txDrop 0 ovf 0 | drv 1 txErr 0 rxErr 0 busErr 0 qRx 0 qTx 0
[   53899] TX 3DF  79 00 81 81 81 81 81 81
[   54308] RX 3CF  69 00 A3 A3 A3 A3 A3 A3
[   54366] .. phase Ready            sync 0x0A reg 1 | rx 114 tx 63 txDrop 0 ovf 0 | drv 1 txErr 0 rxErr 0 busErr 0 qRx 0 qTx 0
[   54820] RX 3CF  69 00 A3 A3 A3 A3 A3 A3
[   54866] .. phase Ready            sync 0x0A reg 1 | rx 115 tx 63 txDrop 0 ovf 0 | drv 1 txErr 0 rxErr 0 busErr 0 qRx 0 qTx 0
[   54899] TX 3DF  79 00 81 81 81 81 81 81
[   55324] RX 3CF  69 00 A3 A3 A3 A3 A3 A3
[   55366] .. phase Ready            sync 0x0A reg 1 | rx 116 tx 64 txDrop 0 ovf 0 | drv 1 txErr 0 rxErr 0 busErr 0 qRx 0 qTx 0
[   55828] RX 3CF  69 00 A3 A3 A3 A3 A3 A3
[   55866] .. phase Ready            sync 0x0A reg 1 | rx 117 tx 64 txDrop 0 ovf 0 | drv 1 txErr 0 rxErr 0 busErr 0 qRx 0 qTx 0
[   55899] TX 3DF  79 00 81 81 81 81 81 81
[   56332] RX 3CF  69 00 A3 A3 A3 A3 A3 A3
[   56366] .. phase Ready            sync 0x0A reg 1 | rx 118 tx 65 txDrop 0 ovf 0 | drv 1 txErr 0 rxErr 0 busErr 0 qRx 0 qTx 0
[   56836] RX 3CF  69 00 A3 A3 A3 A3 A3 A3
[   56866] .. phase Ready            sync 0x0A reg 1 | rx 119 tx 65 txDrop 0 ovf 0 | drv 1 txErr 0 rxErr 0 busErr 0 qRx 0 qTx 0
[   56899] TX 3DF  79 00 81 81 81 81 81 81
[   57340] RX 3CF  69 00 A3 A3 A3 A3 A3 A3
[   57366] .. phase Ready            sync 0x0A reg 1 | rx 120 tx 66 txDrop 0 ovf 0 | drv 1 txErr 0 rxErr 0 busErr 0 qRx 0 qTx 0
[   57844] RX 3CF  69 00 A3 A3 A3 A3 A3 A3
[   57866] .. phase Ready            sync 0x0A reg 1 | rx 121 tx 66 txDrop 0 ovf 0 | drv 1 txErr 0 rxErr 0 busErr 0 qRx 0 qTx 0
[   57899] TX 3DF  79 00 81 81 81 81 81 81
[   58348] RX 3CF  69 00 A3 A3 A3 A3 A3 A3
[   58366] .. phase Ready            sync 0x0A reg 1 | rx 122 tx 67 txDrop 0 ovf 0 | drv 1 txErr 0 rxErr 0 busErr 0 qRx 0 qTx 0
[   58853] RX 3CF  69 00 A3 A3 A3 A3 A3 A3
[   58866] .. phase Ready            sync 0x0A reg 1 | rx 123 tx 67 txDrop 0 ovf 0 | drv 1 txErr 0 rxErr 0 busErr 0 qRx 0 qTx 0
[   58899] TX 3DF  79 00 81 81 81 81 81 81
[   59357] RX 3CF  69 00 A3 A3 A3 A3 A3 A3
[   59366] .. phase Ready            sync 0x0A reg 1 | rx 124 tx 68 txDrop 0 ovf 0 | drv 1 txErr 0 rxErr 0 busErr 0 qRx 0 qTx 0
[   59866] .. phase Ready            sync 0x0A reg 1 | rx 124 tx 68 txDrop 0 ovf 0 | drv 1 txErr 0 rxErr 0 busErr 0 qRx 0 qTx 0
[   59868] RX 3CF  69 00 A3 A3 A3 A3 A3 A3
[   59899] TX 3DF  79 00 81 81 81 81 81 81
[   60366] .. phase Ready            sync 0x08 reg 1 | rx 125 tx 69 txDrop 0 ovf 0 | drv 1 txErr 0 rxErr 0 busErr 0 qRx 0 qTx 0
[   60372] RX 3CF  69 00 A3 A3 A3 A3 A3 A3
[   60866] .. phase Ready            sync 0x0A reg 1 | rx 126 tx 69 txDrop 0 ovf 0 | drv 1 txErr 0 rxErr 0 busErr 0 qRx 0 qTx 0
[   60875] RX 3CF  69 00 A3 A3 A3 A3 A3 A3
[   60899] TX 3DF  79 00 81 81 81 81 81 81
[   61366] .. phase Ready            sync 0x08 reg 1 | rx 127 tx 70 txDrop 0 ovf 0 | drv 1 txErr 0 rxErr 0 busErr 0 qRx 0 qTx 0
[   61381] RX 3CF  69 00 A3 A3 A3 A3 A3 A3
[   61866] .. phase Ready            sync 0x0A reg 1 | rx 128 tx 70 txDrop 0 ovf 0 | drv 1 txErr 0 rxErr 0 busErr 0 qRx 0 qTx 0
[   61883] RX 3CF  69 00 A3 A3 A3 A3 A3 A3
[   61899] TX 3DF  79 00 81 81 81 81 81 81
[   62366] .. phase Ready            sync 0x08 reg 1 | rx 129 tx 71 txDrop 0 ovf 0 | drv 1 txErr 0 rxErr 0 busErr 0 qRx 0 qTx 0
[   62391] RX 3CF  69 00 A3 A3 A3 A3 A3 A3
[   62866] .. phase Ready            sync 0x0A reg 1 | rx 130 tx 71 txDrop 0 ovf 0 | drv 1 txErr 0 rxErr 0 busErr 0 qRx 0 qTx 0
[   62897] RX 3CF  69 00 A3 A3 A3 A3 A3 A3
[   62899] TX 3DF  79 00 81 81 81 81 81 81
[   63366] .. phase Ready            sync 0x08 reg 1 | rx 131 tx 72 txDrop 0 ovf 0 | drv 1 txErr 0 rxErr 0 busErr 0 qRx 0 qTx 0
[   63395] RX 3CF  69 00 A3 A3 A3 A3 A3 A3
[   63866] .. phase Ready            sync 0x0A reg 1 | rx 132 tx 72 txDrop 0 ovf 0 | drv 1 txErr 0 rxErr 0 busErr 0 qRx 0 qTx 0
[   63899] TX 3DF  79 00 81 81 81 81 81 81
[   63907] RX 3CF  69 00 A3 A3 A3 A3 A3 A3
[   64366] .. phase Ready            sync 0x0A reg 1 | rx 133 tx 73 txDrop 0 ovf 0 | drv 1 txErr 0 rxErr 0 busErr 0 qRx 0 qTx 0
[   64411] RX 3CF  69 00 A3 A3 A3 A3 A3 A3
[   64866] .. phase Ready            sync 0x0A reg 1 | rx 134 tx 73 txDrop 0 ovf 0 | drv 1 txErr 0 rxErr 0 busErr 0 qRx 0 qTx 0
[   64899] TX 3DF  79 00 81 81 81 81 81 81
[   64923] RX 3CF  69 00 A3 A3 A3 A3 A3 A3
[   65366] .. phase Ready            sync 0x0A reg 1 | rx 135 tx 74 txDrop 0 ovf 0 | drv 1 txErr 0 rxErr 0 busErr 0 qRx 0 qTx 0
[   65427] RX 3CF  69 00 A3 A3 A3 A3 A3 A3
[   65866] .. phase Ready            sync 0x0A reg 1 | rx 136 tx 74 txDrop 0 ovf 0 | drv 1 txErr 0 rxErr 0 busErr 0 qRx 0 qTx 0
[   65899] TX 3DF  79 00 81 81 81 81 81 81
[   65931] RX 3CF  69 00 A3 A3 A3 A3 A3 A3
[   66366] .. phase Ready            sync 0x0A reg 1 | rx 137 tx 75 txDrop 0 ovf 0 | drv 1 txErr 0 rxErr 0 busErr 0 qRx 0 qTx 0
[   66435] RX 3CF  69 00 A3 A3 A3 A3 A3 A3
[   66866] .. phase Ready            sync 0x0A reg 1 | rx 138 tx 75 txDrop 0 ovf 0 | drv 1 txErr 0 rxErr 0 busErr 0 qRx 0 qTx 0
[   66899] TX 3DF  79 00 81 81 81 81 81 81
[   66939] RX 3CF  69 00 A3 A3 A3 A3 A3 A3
[   67366] .. phase Ready            sync 0x0A reg 1 | rx 139 tx 76 txDrop 0 ovf 0 | drv 1 txErr 0 rxErr 0 busErr 0 qRx 0 qTx 0
[   67443] RX 3CF  69 00 A3 A3 A3 A3 A3 A3
[   67866] .. phase Ready            sync 0x0A reg 1 | rx 140 tx 76 txDrop 0 ovf 0 | drv 1 txErr 0 rxErr 0 busErr 0 qRx 0 qTx 0
[   67899] TX 3DF  79 00 81 81 81 81 81 81
[   67947] RX 3CF  69 00 A3 A3 A3 A3 A3 A3
[   68366] .. phase Ready            sync 0x0A reg 1 | rx 141 tx 77 txDrop 0 ovf 0 | drv 1 txErr 0 rxErr 0 busErr 0 qRx 0 qTx 0
[   68450] RX 3CF  69 00 A3 A3 A3 A3 A3 A3
[   68866] .. phase Ready            sync 0x0A reg 1 | rx 142 tx 77 txDrop 0 ovf 0 | drv 1 txErr 0 rxErr 0 busErr 0 qRx 0 qTx 0
[   68899] TX 3DF  79 00 81 81 81 81 81 81
[   68954] RX 3CF  69 00 A3 A3 A3 A3 A3 A3
[   69366] .. phase Ready            sync 0x0A reg 1 | rx 143 tx 78 txDrop 0 ovf 0 | drv 1 txErr 0 rxErr 0 busErr 0 qRx 0 qTx 0
[   69466] RX 3CF  69 00 A3 A3 A3 A3 A3 A3
[   69866] .. phase Ready            sync 0x0A reg 1 | rx 144 tx 78 txDrop 0 ovf 0 | drv 1 txErr 0 rxErr 0 busErr 0 qRx 0 qTx 0
[   69899] TX 3DF  79 00 81 81 81 81 81 81
[   69970] RX 3CF  69 00 A3 A3 A3 A3 A3 A3
[   70366] .. phase Ready            sync 0x0A reg 1 | rx 145 tx 79 txDrop 0 ovf 0 | drv 1 txErr 0 rxErr 0 busErr 0 qRx 0 qTx 0
[   70474] RX 3CF  69 00 A3 A3 A3 A3 A3 A3
[   70866] .. phase Ready            sync 0x0A reg 1 | rx 146 tx 79 txDrop 0 ovf 0 | drv 1 txErr 0 rxErr 0 busErr 0 qRx 0 qTx 0
[   70899] TX 3DF  79 00 81 81 81 81 81 81
[   70986] RX 3CF  69 00 A3 A3 A3 A3 A3 A3
[   71366] .. phase Ready            sync 0x0A reg 1 | rx 147 tx 80 txDrop 0 ovf 0 | drv 1 txErr 0 rxErr 0 busErr 0 qRx 0 qTx 0
[   71490] RX 3CF  69 00 A3 A3 A3 A3 A3 A3
[   71866] .. phase Ready            sync 0x0A reg 1 | rx 148 tx 80 txDrop 0 ovf 0 | drv 1 txErr 0 rxErr 0 busErr 0 qRx 0 qTx 0
[   71899] TX 3DF  79 00 81 81 81 81 81 81
[   71994] RX 3CF  69 00 A3 A3 A3 A3 A3 A3
[   72366] .. phase Ready            sync 0x0A reg 1 | rx 149 tx 81 txDrop 0 ovf 0 | drv 1 txErr 0 rxErr 0 busErr 0 qRx 0 qTx 0
[   72498] RX 3CF  69 00 A3 A3 A3 A3 A3 A3
[   72866] .. phase Ready            sync 0x0A reg 1 | rx 150 tx 81 txDrop 0 ovf 0 | drv 1 txErr 0 rxErr 0 busErr 0 qRx 0 qTx 0
[   72899] TX 3DF  79 00 81 81 81 81 81 81
[   73002] RX 3CF  69 00 A3 A3 A3 A3 A3 A3
[   73366] .. phase Ready            sync 0x0A reg 1 | rx 151 tx 82 txDrop 0 ovf 0 | drv 1 txErr 0 rxErr 0 busErr 0 qRx 0 qTx 0
[   73506] RX 3CF  69 00 A3 A3 A3 A3 A3 A3
[   73866] .. phase Ready            sync 0x0A reg 1 | rx 152 tx 82 txDrop 0 ovf 0 | drv 1 txErr 0 rxErr 0 busErr 0 qRx 0 qTx 0
[   73899] TX 3DF  79 00 81 81 81 81 81 81
[   74010] RX 3CF  69 00 A3 A3 A3 A3 A3 A3
[   74366] .. phase Ready            sync 0x0A reg 1 | rx 153 tx 83 txDrop 0 ovf 0 | drv 1 txErr 0 rxErr 0 busErr 0 qRx 0 qTx 0
[   74522] RX 3CF  69 00 A3 A3 A3 A3 A3 A3
[   74866] .. phase Ready            sync 0x0A reg 1 | rx 154 tx 83 txDrop 0 ovf 0 | drv 1 txErr 0 rxErr 0 busErr 0 qRx 0 qTx 0
[   74899] TX 3DF  79 00 81 81 81 81 81 81
[   75026] RX 3CF  69 00 A3 A3 A3 A3 A3 A3
[   75366] .. phase Ready            sync 0x0A reg 1 | rx 155 tx 84 txDrop 0 ovf 0 | drv 1 txErr 0 rxErr 0 busErr 0 qRx 0 qTx 0
[   75537] RX 3CF  69 00 A3 A3 A3 A3 A3 A3
[   75866] .. phase Ready            sync 0x0A reg 1 | rx 156 tx 84 txDrop 0 ovf 0 | drv 1 txErr 0 rxErr 0 busErr 0 qRx 0 qTx 0
[   75899] TX 3DF  79 00 81 81 81 81 81 81
[   76041] RX 3CF  69 00 A3 A3 A3 A3 A3 A3
[   76366] .. phase Ready            sync 0x0A reg 1 | rx 157 tx 85 txDrop 0 ovf 0 | drv 1 txErr 0 rxErr 0 busErr 0 qRx 0 qTx 0
[   76545] RX 3CF  69 00 A3 A3 A3 A3 A3 A3
[   76866] .. phase Ready            sync 0x0A reg 1 | rx 158 tx 85 txDrop 0 ovf 0 | drv 1 txErr 0 rxErr 0 busErr 0 qRx 0 qTx 0
[   76899] TX 3DF  79 00 81 81 81 81 81 81
[   77049] RX 3CF  69 00 A3 A3 A3 A3 A3 A3
[   77366] .. phase Ready            sync 0x0A reg 1 | rx 159 tx 86 txDrop 0 ovf 0 | drv 1 txErr 0 rxErr 0 busErr 0 qRx 0 qTx 0
[   77553] RX 3CF  69 00 A3 A3 A3 A3 A3 A3
[   77866] .. phase Ready            sync 0x0A reg 1 | rx 160 tx 86 txDrop 0 ovf 0 | drv 1 txErr 0 rxErr 0 busErr 0 qRx 0 qTx 0
[   77899] TX 3DF  79 00 81 81 81 81 81 81
[   78057] RX 3CF  69 00 A3 A3 A3 A3 A3 A3
[   78366] .. phase Ready            sync 0x0A reg 1 | rx 161 tx 87 txDrop 0 ovf 0 | drv 1 txErr 0 rxErr 0 busErr 0 qRx 0 qTx 0
[   78561] RX 3CF  69 00 A3 A3 A3 A3 A3 A3
[   78866] .. phase Ready            sync 0x0A reg 1 | rx 162 tx 87 txDrop 0 ovf 0 | drv 1 txErr 0 rxErr 0 busErr 0 qRx 0 qTx 0
[   78899] TX 3DF  79 00 81 81 81 81 81 81
[   79065] RX 3CF  69 00 A3 A3 A3 A3 A3 A3
[   79366] .. phase Ready            sync 0x0A reg 1 | rx 163 tx 88 txDrop 0 ovf 0 | drv 1 txErr 0 rxErr 0 busErr 0 qRx 0 qTx 0
[   79569] RX 3CF  69 00 A3 A3 A3 A3 A3 A3
[   79866] .. phase Ready            sync 0x0A reg 1 | rx 164 tx 88 txDrop 0 ovf 0 | drv 1 txErr 0 rxErr 0 busErr 0 qRx 0 qTx 0
[   79899] TX 3DF  79 00 81 81 81 81 81 81
[   80073] RX 3CF  69 00 A3 A3 A3 A3 A3 A3
[   80366] .. phase Ready            sync 0x0A reg 1 | rx 165 tx 89 txDrop 0 ovf 0 | drv 1 txErr 0 rxErr 0 busErr 0 qRx 0 qTx 0
[   80577] RX 3CF  69 00 A3 A3 A3 A3 A3 A3
[   80866] .. phase Ready            sync 0x0A reg 1 | rx 166 tx 89 txDrop 0 ovf 0 | drv 1 txErr 0 rxErr 0 busErr 0 qRx 0 qTx 0
[   80899] TX 3DF  79 00 81 81 81 81 81 81
[   81081] RX 3CF  69 00 A3 A3 A3 A3 A3 A3
[   81366] .. phase Ready            sync 0x0A reg 1 | rx 167 tx 90 txDrop 0 ovf 0 | drv 1 txErr 0 rxErr 0 busErr 0 qRx 0 qTx 0
[   81585] RX 3CF  69 00 A3 A3 A3 A3 A3 A3
[   81866] .. phase Ready            sync 0x0A reg 1 | rx 168 tx 90 txDrop 0 ovf 0 | drv 1 txErr 0 rxErr 0 busErr 0 qRx 0 qTx 0
[   81899] TX 3DF  79 00 81 81 81 81 81 81
[   82089] RX 3CF  69 00 A3 A3 A3 A3 A3 A3
[   82366] .. phase Ready            sync 0x0A reg 1 | rx 169 tx 91 txDrop 0 ovf 0 | drv 1 txErr 0 rxErr 0 busErr 0 qRx 0 qTx 0
[   82592] RX 3CF  69 00 A3 A3 A3 A3 A3 A3
[   82866] .. phase Ready            sync 0x0A reg 1 | rx 170 tx 91 txDrop 0 ovf 0 | drv 1 txErr 0 rxErr 0 busErr 0 qRx 0 qTx 0
[   82899] TX 3DF  79 00 81 81 81 81 81 81
[   83096] RX 3CF  69 00 A3 A3 A3 A3 A3 A3
